// Jest Snapshot v1, https://goo.gl/fbAQLP

exports[`City renders correctly 1`] = `
<DocumentFragment>
  <table
    class="border-solid border-2 mt-2"
  >
    <tbody>
      <tr>
        <th
          class="border-solid border-2 w-6"
          rowspan="2"
        >
          2
        </th>
        <th
          rowspan="2"
        >
          <div
            class="flex justify-center items-center w-24"
          >
            리스보아
            <br />
            <svg
              class="cursor-pointer opacity-50 hover:opacity-100"
              fill="currentColor"
              height="1em"
              stroke="currentColor"
              stroke-width="0"
              viewBox="0 0 16 16"
              width="1em"
              xmlns="http://www.w3.org/2000/svg"
            >
              <path
                d="M2.5 1a1 1 0 0 0-1 1v1a1 1 0 0 0 1 1H3v9a2 2 0 0 0 2 2h6a2 2 0 0 0 2-2V4h.5a1 1 0 0 0 1-1V2a1 1 0 0 0-1-1H10a1 1 0 0 0-1-1H7a1 1 0 0 0-1 1H2.5zm3 4a.5.5 0 0 1 .5.5v7a.5.5 0 0 1-1 0v-7a.5.5 0 0 1 .5-.5zM8 5a.5.5 0 0 1 .5.5v7a.5.5 0 0 1-1 0v-7A.5.5 0 0 1 8 5zm3 .5v7a.5.5 0 0 1-1 0v-7a.5.5 0 0 1 1 0z"
              />
            </svg>
          </div>
        </th>
        <td
          class="border-solid border-2 w-30"
        >
          <img
            alt=""
            class="m-auto"
            src="http://res.cloudinary.com/da25q6n7o/image/upload/v1678705707/prido8t3x7zzvpmomtoh.png"
          />
        </td>
        <td
          class="border-solid border-2 w-30bg-yellow-200"
        >
          <img
            alt=""
            class="m-auto"
            src="http://res.cloudinary.com/da25q6n7o/image/upload/v1678706021/ln48swpjtphyvymib58z.png"
          />
        </td>
      </tr>
      <tr>
        <td
          class="border-solid border-2 text-center text-xs"
        >
          <span
            class="text-red-600"
          >
            브랜디
          </span>
        </td>
        <td
          class="border-solid border-2 text-center text-xs"
        >
          <span
            class="text-red-600"
          >
            아몬드
          </span>
        </td>
      </tr>
    </tbody>
  </table>
</DocumentFragment>
`;
