// Jest Snapshot v1, https://goo.gl/fbAQLP

exports[`NewRoutde renders correctly 1`] = `
<DocumentFragment>
  <div
    class="flex flex-col sm:flex-row p-2"
  >
    <div
      class="basis-4/6"
    />
    <div
      class="basis-2/6 flex flex-col p-2"
    >
      <div
        class="flex justify-end"
      >
        <button
          class="bg-brand text-white
 py-2 px-4 rounded-sm hover:brightness-110"
        >
          삭제
        </button>
      </div>
    </div>
  </div>
</DocumentFragment>
`;

exports[`NewRoute renders correctly 1`] = `
<DocumentFragment>
  <div
    class="flex flex-col sm:flex-row p-2"
  >
    <div
      class="basis-4/6"
    />
    <div
      class="basis-2/6 flex flex-col p-2"
    >
      <div
        class="flex justify-end"
      >
        <button
          class="bg-brand text-white
 py-2 px-4 rounded-sm hover:brightness-110"
        >
          삭제
        </button>
      </div>
    </div>
  </div>
</DocumentFragment>
`;
