// Jest Snapshot v1, https://goo.gl/fbAQLP

exports[`RouteForm renders correctly 1`] = `
<DocumentFragment>
  <form
    class="flex flex-col px-1 font-semibold"
  >
    <input
      maxlength="50"
      name="title"
      placeholder="제목"
      required=""
      value=""
    />
    <textarea
      class="resize-none border border-gray-300 px-2 py-2 focus:outline-none my-2"
      name="description"
      placeholder=" 설명"
      rows="5"
    />
    <div
      class="flex justify-between items-center"
    >
      <input
        class="w-11/12"
        name="major_goods"
        placeholder="주요교역품"
        value=""
      />
      <input
        class="w-4 h-4 mx-3"
        name="major_chk"
        type="checkbox"
      />
    </div>
    <div
      class="flex items-center"
    >
      <label
        class="text-brand font-bold"
        for="select"
      >
        국가:
      </label>
      <select
        class="p-1 m-1 flex-1 border-2 outline-none"
      >
        <option>
          공통
        </option>
        <option>
          포트투갈
        </option>
        <option>
          에스파냐
        </option>
        <option>
          잉글랜드
        </option>
        <option>
          네덜란드
        </option>
        <option>
          오스만
        </option>
        <option>
          명
        </option>
        <option>
          조선
        </option>
        <option>
          일본
        </option>
      </select>
      <label
        class="text-brand font-bold"
        for="select"
      >
        지역:
      </label>
      <select
        class="p-1 m-1 flex-1 border-2 outline-none"
      >
        <option>
          공통
        </option>
        <option>
          동지중해
        </option>
        <option>
          서지중해
        </option>
        <option>
          북해
        </option>
        <option>
          카리브해
        </option>
        <option>
          서아프리카
        </option>
        <option>
          동아프리카
        </option>
        <option>
          아랍
        </option>
        <option>
          서인도
        </option>
        <option>
          동인도
        </option>
        <option>
          서남아
        </option>
        <option>
          동남아
        </option>
        <option>
          동아시아
        </option>
        <option>
          기타
        </option>
      </select>
      <label
        class="text-brand font-bold"
        for="select"
      >
        월:
      </label>
      <select
        class="p-1 m-1 flex-1 border-2  outline-none"
      >
        <option>
          1
        </option>
        <option>
          2
        </option>
        <option>
          3
        </option>
        <option>
          4
        </option>
        <option>
          5
        </option>
        <option>
          6
        </option>
        <option>
          7
        </option>
        <option>
          8
        </option>
        <option>
          9
        </option>
        <option>
          10
        </option>
        <option>
          11
        </option>
        <option>
          12
        </option>
      </select>
      ~
      <select
        class="p-1 m-1 flex-1 border-2 outline-none"
      >
        <option>
          1
        </option>
        <option>
          2
        </option>
        <option>
          3
        </option>
        <option>
          4
        </option>
        <option>
          5
        </option>
        <option>
          6
        </option>
        <option>
          7
        </option>
        <option>
          8
        </option>
        <option>
          9
        </option>
        <option>
          10
        </option>
        <option>
          11
        </option>
        <option>
          12
        </option>
      </select>
    </div>
    <button
      class="bg-brand text-white
 py-2 px-4 rounded-sm hover:brightness-110"
    >
      Save
    </button>
  </form>
</DocumentFragment>
`;
