// Jest Snapshot v1, https://goo.gl/fbAQLP

exports[`Router Detail renders correctly 1`] = `
<DocumentFragment>
  <div
    class="flex flex-col p-2"
  >
    <div
      class="flex justify-end font-semibold"
    >
      <button
        class="bg-brand text-white
 py-2 px-4 rounded-sm hover:brightness-110"
      >
        수정
      </button>
      <button
        class="bg-brand text-white
 py-2 px-4 rounded-sm hover:brightness-110"
      >
        삭제
      </button>
    </div>
    <h1
      class="text-2xl"
    >
      title
    </h1>
    <span
      class="whitespace-pre"
    >
      description
    </span>
    <div />
  </div>
</DocumentFragment>
`;
